// Jest Snapshot v1, https://goo.gl/fbAQLP

exports[`Multi Tenant Api Example Stack Matches Snapshot 1`] = `
{
  "Mappings": {
    "DefaultCrNodeVersionMap": {
      "af-south-1": {
        "value": "nodejs16.x",
      },
      "ap-east-1": {
        "value": "nodejs16.x",
      },
      "ap-northeast-1": {
        "value": "nodejs16.x",
      },
      "ap-northeast-2": {
        "value": "nodejs16.x",
      },
      "ap-northeast-3": {
        "value": "nodejs16.x",
      },
      "ap-south-1": {
        "value": "nodejs16.x",
      },
      "ap-south-2": {
        "value": "nodejs16.x",
      },
      "ap-southeast-1": {
        "value": "nodejs16.x",
      },
      "ap-southeast-2": {
        "value": "nodejs16.x",
      },
      "ap-southeast-3": {
        "value": "nodejs16.x",
      },
      "ca-central-1": {
        "value": "nodejs16.x",
      },
      "cn-north-1": {
        "value": "nodejs16.x",
      },
      "cn-northwest-1": {
        "value": "nodejs16.x",
      },
      "eu-central-1": {
        "value": "nodejs16.x",
      },
      "eu-central-2": {
        "value": "nodejs16.x",
      },
      "eu-north-1": {
        "value": "nodejs16.x",
      },
      "eu-south-1": {
        "value": "nodejs16.x",
      },
      "eu-south-2": {
        "value": "nodejs16.x",
      },
      "eu-west-1": {
        "value": "nodejs16.x",
      },
      "eu-west-2": {
        "value": "nodejs16.x",
      },
      "eu-west-3": {
        "value": "nodejs16.x",
      },
      "me-central-1": {
        "value": "nodejs16.x",
      },
      "me-south-1": {
        "value": "nodejs16.x",
      },
      "sa-east-1": {
        "value": "nodejs16.x",
      },
      "us-east-1": {
        "value": "nodejs16.x",
      },
      "us-east-2": {
        "value": "nodejs16.x",
      },
      "us-gov-east-1": {
        "value": "nodejs16.x",
      },
      "us-gov-west-1": {
        "value": "nodejs16.x",
      },
      "us-iso-east-1": {
        "value": "nodejs14.x",
      },
      "us-iso-west-1": {
        "value": "nodejs14.x",
      },
      "us-isob-east-1": {
        "value": "nodejs14.x",
      },
      "us-west-1": {
        "value": "nodejs16.x",
      },
      "us-west-2": {
        "value": "nodejs16.x",
      },
    },
  },
  "Outputs": {
    "RestApiEndpoint0551178A": {
      "Value": {
        "Fn::Join": [
          "",
          [
            "https://",
            {
              "Ref": "RestApi0C43BF4B",
            },
            ".execute-api.",
            {
              "Ref": "AWS::Region",
            },
            ".",
            {
              "Ref": "AWS::URLSuffix",
            },
            "/",
            {
              "Ref": "RestApiDeploymentStageprod3855DE66",
            },
            "/",
          ],
        ],
      },
    },
  },
  "Parameters": {
    "BootstrapVersion": {
      "Default": "/cdk-bootstrap/hnb659fds/version",
      "Description": "Version of the CDK Bootstrap resources in this environment, automatically retrieved from SSM Parameter Store. [cdk:skip]",
      "Type": "AWS::SSM::Parameter::Value<String>",
    },
  },
  "Resources": {
    "AllowInvokeApi0932B888": {
      "Properties": {
        "PolicyDocument": {
          "Statement": [
            {
              "Action": "execute-api:Invoke",
              "Effect": "Allow",
              "Resource": {
                "Fn::Join": [
                  "",
                  [
                    "arn:",
                    {
                      "Ref": "AWS::Partition",
                    },
                    ":execute-api:",
                    {
                      "Ref": "AWS::Region",
                    },
                    ":",
                    {
                      "Ref": "AWS::AccountId",
                    },
                    ":",
                    {
                      "Ref": "RestApi0C43BF4B",
                    },
                    "/",
                    {
                      "Ref": "RestApiDeploymentStageprod3855DE66",
                    },
                    "/GET/items",
                  ],
                ],
              },
            },
          ],
          "Version": "2012-10-17",
        },
        "PolicyName": "AllowInvokeApi0932B888",
        "Roles": [
          {
            "Ref": "RestApiClientpaymentserviceRole52B31700",
          },
        ],
      },
      "Type": "AWS::IAM::Policy",
    },
    "RestApi0C43BF4B": {
      "Properties": {
        "Name": "RestApi",
      },
      "Type": "AWS::ApiGateway::RestApi",
    },
    "RestApiAccount7C83CF5A": {
      "DeletionPolicy": "Retain",
      "DependsOn": [
        "RestApi0C43BF4B",
      ],
      "Properties": {
        "CloudWatchRoleArn": {
          "Fn::GetAtt": [
            "RestApiCloudWatchRoleE3ED6605",
            "Arn",
          ],
        },
      },
      "Type": "AWS::ApiGateway::Account",
      "UpdateReplacePolicy": "Retain",
    },
    "RestApiClientpaymentserviceRole52B31700": {
      "Properties": {
        "AssumeRolePolicyDocument": {
          "Statement": [
            {
              "Action": "sts:AssumeRole",
              "Effect": "Allow",
              "Principal": {
                "AWS": {
                  "Fn::Join": [
                    "",
                    [
                      "arn:",
                      {
                        "Ref": "AWS::Partition",
                      },
                      ":iam::507426004734:root",
                    ],
                  ],
                },
              },
            },
          ],
          "Version": "2012-10-17",
        },
        "RoleName": "rest-api-client-payment-service-role",
      },
      "Type": "AWS::IAM::Role",
    },
    "RestApiCloudWatchRoleE3ED6605": {
      "DeletionPolicy": "Retain",
      "Properties": {
        "AssumeRolePolicyDocument": {
          "Statement": [
            {
              "Action": "sts:AssumeRole",
              "Effect": "Allow",
              "Principal": {
                "Service": "apigateway.amazonaws.com",
              },
            },
          ],
          "Version": "2012-10-17",
        },
        "ManagedPolicyArns": [
          {
            "Fn::Join": [
              "",
              [
                "arn:",
                {
                  "Ref": "AWS::Partition",
                },
                ":iam::aws:policy/service-role/AmazonAPIGatewayPushToCloudWatchLogs",
              ],
            ],
          },
        ],
      },
      "Type": "AWS::IAM::Role",
      "UpdateReplacePolicy": "Retain",
    },
    "RestApiDeployment180EC503599bc867318d6e60be213ad921747dd1": {
      "DependsOn": [
        "RestApiitemsGET2AAECCB8",
        "RestApiitems0D5B6650",
      ],
      "Properties": {
        "Description": "Automatically created by the RestApi construct",
        "RestApiId": {
          "Ref": "RestApi0C43BF4B",
        },
      },
      "Type": "AWS::ApiGateway::Deployment",
    },
    "RestApiDeploymentStageprod3855DE66": {
      "DependsOn": [
        "RestApiAccount7C83CF5A",
      ],
      "Properties": {
        "AccessLogSetting": {
          "DestinationArn": {
            "Fn::GetAtt": [
              "RestApiLogsF6F215CD",
              "Arn",
            ],
          },
          "Format": "{"requestId":"$context.requestId","extendedRequestId":"$context.extendedRequestId","apiId":"$context.apiId","resourceId":"$context.resourceId","domainName":"$context.domainName","stage":"$context.stage","path":"$context.path","resourcePath":"$context.resourcePath","httpMethod":"$context.httpMethod","protocol":"$context.protocol","accountId":"$context.identity.accountId","sourceIp":"$context.identity.sourceIp","user":"$context.identity.user","userAgent":"$context.identity.userAgent","userArn":"$context.identity.userArn","caller":"$context.identity.caller","cognitoIdentityId":"$context.identity.cognitoIdentityId","status":"$context.status","integration":{"status":"$context.integration.status","integrationStatus":"$context.integration.integrationStatus","error":"$context.integration.error","latency":"$context.integration.latency"},"error":{"responseType":"$context.error.responseType","message":"$context.error.message"},"requestTime":"$context.requestTime","responseLength":"$context.responseLength","responseLatency":"$context.responseLatency"}",
        },
        "DeploymentId": {
          "Ref": "RestApiDeployment180EC503599bc867318d6e60be213ad921747dd1",
        },
        "RestApiId": {
          "Ref": "RestApi0C43BF4B",
        },
        "StageName": "prod",
      },
      "Type": "AWS::ApiGateway::Stage",
    },
    "RestApiLogsF6F215CD": {
      "DeletionPolicy": "Retain",
      "Properties": {
        "LogGroupName": "example-rest-api-access-logs",
        "RetentionInDays": 731,
      },
      "Type": "AWS::Logs::LogGroup",
      "UpdateReplacePolicy": "Retain",
    },
    "RestApiitems0D5B6650": {
      "Properties": {
        "ParentId": {
          "Fn::GetAtt": [
            "RestApi0C43BF4B",
            "RootResourceId",
          ],
        },
        "PathPart": "items",
        "RestApiId": {
          "Ref": "RestApi0C43BF4B",
        },
      },
      "Type": "AWS::ApiGateway::Resource",
    },
    "RestApiitemsGET2AAECCB8": {
      "Properties": {
        "AuthorizationType": "AWS_IAM",
        "HttpMethod": "GET",
        "Integration": {
          "IntegrationHttpMethod": "POST",
          "Type": "AWS_PROXY",
          "Uri": {
            "Fn::Join": [
              "",
              [
                "arn:",
                {
                  "Ref": "AWS::Partition",
                },
                ":apigateway:",
                {
                  "Ref": "AWS::Region",
                },
                ":lambda:path/2015-03-31/functions/",
                {
                  "Fn::GetAtt": [
                    "myfunctionDF753486",
                    "Arn",
                  ],
                },
                "/invocations",
              ],
            ],
          },
        },
        "ResourceId": {
          "Ref": "RestApiitems0D5B6650",
        },
        "RestApiId": {
          "Ref": "RestApi0C43BF4B",
        },
      },
      "Type": "AWS::ApiGateway::Method",
    },
    "RestApiitemsGETApiPermissionMyTestStackRestApi13257D94GETitemsC33A05E9": {
      "Properties": {
        "Action": "lambda:InvokeFunction",
        "FunctionName": {
          "Fn::GetAtt": [
            "myfunctionDF753486",
            "Arn",
          ],
        },
        "Principal": "apigateway.amazonaws.com",
        "SourceArn": {
          "Fn::Join": [
            "",
            [
              "arn:",
              {
                "Ref": "AWS::Partition",
              },
              ":execute-api:",
              {
                "Ref": "AWS::Region",
              },
              ":",
              {
                "Ref": "AWS::AccountId",
              },
              ":",
              {
                "Ref": "RestApi0C43BF4B",
              },
              "/",
              {
                "Ref": "RestApiDeploymentStageprod3855DE66",
              },
              "/GET/items",
            ],
          ],
        },
      },
      "Type": "AWS::Lambda::Permission",
    },
    "RestApiitemsGETApiPermissionTestMyTestStackRestApi13257D94GETitems92CE32FB": {
      "Properties": {
        "Action": "lambda:InvokeFunction",
        "FunctionName": {
          "Fn::GetAtt": [
            "myfunctionDF753486",
            "Arn",
          ],
        },
        "Principal": "apigateway.amazonaws.com",
        "SourceArn": {
          "Fn::Join": [
            "",
            [
              "arn:",
              {
                "Ref": "AWS::Partition",
              },
              ":execute-api:",
              {
                "Ref": "AWS::Region",
              },
              ":",
              {
                "Ref": "AWS::AccountId",
              },
              ":",
              {
                "Ref": "RestApi0C43BF4B",
              },
              "/test-invoke-stage/GET/items",
            ],
          ],
        },
      },
      "Type": "AWS::Lambda::Permission",
    },
    "myfunctionDF753486": {
      "DependsOn": [
        "myfunctionServiceRole41691664",
      ],
      "Properties": {
        "Code": {
          "S3Bucket": {
            "Fn::Sub": "cdk-hnb659fds-assets-\${AWS::AccountId}-\${AWS::Region}",
          },
          "S3Key": "440b64ebfc461325fbc66a997fbe3f70ad0c8f5a85e264763ceb22fce2f6fc8b.zip",
        },
        "Environment": {
          "Variables": {
            "AWS_NODEJS_CONNECTION_REUSE_ENABLED": "1",
          },
        },
        "Handler": "index.handler",
        "Role": {
          "Fn::GetAtt": [
            "myfunctionServiceRole41691664",
            "Arn",
          ],
        },
        "Runtime": {
          "Fn::FindInMap": [
            "DefaultCrNodeVersionMap",
            {
              "Ref": "AWS::Region",
            },
            "value",
          ],
        },
      },
      "Type": "AWS::Lambda::Function",
    },
    "myfunctionServiceRole41691664": {
      "Properties": {
        "AssumeRolePolicyDocument": {
          "Statement": [
            {
              "Action": "sts:AssumeRole",
              "Effect": "Allow",
              "Principal": {
                "Service": "lambda.amazonaws.com",
              },
            },
          ],
          "Version": "2012-10-17",
        },
        "ManagedPolicyArns": [
          {
            "Fn::Join": [
              "",
              [
                "arn:",
                {
                  "Ref": "AWS::Partition",
                },
                ":iam::aws:policy/service-role/AWSLambdaBasicExecutionRole",
              ],
            ],
          },
        ],
      },
      "Type": "AWS::IAM::Role",
    },
  },
  "Rules": {
    "CheckBootstrapVersion": {
      "Assertions": [
        {
          "Assert": {
            "Fn::Not": [
              {
                "Fn::Contains": [
                  [
                    "1",
                    "2",
                    "3",
                    "4",
                    "5",
                  ],
                  {
                    "Ref": "BootstrapVersion",
                  },
                ],
              },
            ],
          },
          "AssertDescription": "CDK bootstrap stack version 6 required. Please run 'cdk bootstrap' with a recent version of the CDK CLI.",
        },
      ],
    },
  },
}
`;
