// Jest Snapshot v1, https://goo.gl/fbAQLP

exports[`Multi Tenant Api Example Stack Matches Snapshot 1`] = `
{
  "Mappings": {
    "DefaultCrNodeVersionMap": {
      "af-south-1": {
        "value": "nodejs16.x",
      },
      "ap-east-1": {
        "value": "nodejs16.x",
      },
      "ap-northeast-1": {
        "value": "nodejs16.x",
      },
      "ap-northeast-2": {
        "value": "nodejs16.x",
      },
      "ap-northeast-3": {
        "value": "nodejs16.x",
      },
      "ap-south-1": {
        "value": "nodejs16.x",
      },
      "ap-south-2": {
        "value": "nodejs16.x",
      },
      "ap-southeast-1": {
        "value": "nodejs16.x",
      },
      "ap-southeast-2": {
        "value": "nodejs16.x",
      },
      "ap-southeast-3": {
        "value": "nodejs16.x",
      },
      "ca-central-1": {
        "value": "nodejs16.x",
      },
      "cn-north-1": {
        "value": "nodejs16.x",
      },
      "cn-northwest-1": {
        "value": "nodejs16.x",
      },
      "eu-central-1": {
        "value": "nodejs16.x",
      },
      "eu-central-2": {
        "value": "nodejs16.x",
      },
      "eu-north-1": {
        "value": "nodejs16.x",
      },
      "eu-south-1": {
        "value": "nodejs16.x",
      },
      "eu-south-2": {
        "value": "nodejs16.x",
      },
      "eu-west-1": {
        "value": "nodejs16.x",
      },
      "eu-west-2": {
        "value": "nodejs16.x",
      },
      "eu-west-3": {
        "value": "nodejs16.x",
      },
      "me-central-1": {
        "value": "nodejs16.x",
      },
      "me-south-1": {
        "value": "nodejs16.x",
      },
      "sa-east-1": {
        "value": "nodejs16.x",
      },
      "us-east-1": {
        "value": "nodejs16.x",
      },
      "us-east-2": {
        "value": "nodejs16.x",
      },
      "us-gov-east-1": {
        "value": "nodejs16.x",
      },
      "us-gov-west-1": {
        "value": "nodejs16.x",
      },
      "us-iso-east-1": {
        "value": "nodejs14.x",
      },
      "us-iso-west-1": {
        "value": "nodejs14.x",
      },
      "us-isob-east-1": {
        "value": "nodejs14.x",
      },
      "us-west-1": {
        "value": "nodejs16.x",
      },
      "us-west-2": {
        "value": "nodejs16.x",
      },
    },
  },
  "Outputs": {
    "RestApiEndpoint0551178A": {
      "Export": {
        "Name": "MultiTenantApiEndpoint",
      },
      "Value": {
        "Fn::Join": [
          "",
          [
            "https://",
            {
              "Ref": "RestApi0C43BF4B",
            },
            ".execute-api.",
            {
              "Ref": "AWS::Region",
            },
            ".",
            {
              "Ref": "AWS::URLSuffix",
            },
            "/",
            {
              "Ref": "RestApiDeploymentStageprod3855DE66",
            },
            "/",
          ],
        ],
      },
    },
  },
  "Parameters": {
    "BootstrapVersion": {
      "Default": "/cdk-bootstrap/hnb659fds/version",
      "Description": "Version of the CDK Bootstrap resources in this environment, automatically retrieved from SSM Parameter Store. [cdk:skip]",
      "Type": "AWS::SSM::Parameter::Value<String>",
    },
  },
  "Resources": {
    "AllowInvokeApi0932B888": {
      "Properties": {
        "PolicyDocument": {
          "Statement": [
            {
              "Action": "execute-api:Invoke",
              "Effect": "Allow",
              "Resource": {
                "Fn::Join": [
                  "",
                  [
                    "arn:",
                    {
                      "Ref": "AWS::Partition",
                    },
                    ":execute-api:",
                    {
                      "Ref": "AWS::Region",
                    },
                    ":",
                    {
                      "Ref": "AWS::AccountId",
                    },
                    ":",
                    {
                      "Ref": "RestApi0C43BF4B",
                    },
                    "/",
                    {
                      "Ref": "RestApiDeploymentStageprod3855DE66",
                    },
                    "/GET/items",
                  ],
                ],
              },
            },
          ],
          "Version": "2012-10-17",
        },
        "PolicyName": "AllowInvokeApi0932B888",
        "Roles": [
          {
            "Ref": "MultiTenantApiClientpaymentserviceRole8C9A53BF",
          },
          {
            "Ref": "MultiTenantApiClientorderserviceRole64EC7B85",
          },
        ],
      },
      "Type": "AWS::IAM::Policy",
    },
    "MultiTenantApi4XXErrorMetricFilterFF1BC466": {
      "Properties": {
        "FilterPattern": "{ ($.status = 4**) && ($.userArn = "*") }",
        "LogGroupName": {
          "Ref": "RestApiLogsF6F215CD",
        },
        "MetricTransformations": [
          {
            "Dimensions": [
              {
                "Key": "client",
                "Value": "$.userArn",
              },
              {
                "Key": "method",
                "Value": "$.httpMethod",
              },
              {
                "Key": "path",
                "Value": "$.path",
              },
            ],
            "MetricName": "4XXError",
            "MetricNamespace": "MultiTenantApiMetricFilter",
            "MetricValue": "1",
            "Unit": "Count",
          },
        ],
      },
      "Type": "AWS::Logs::MetricFilter",
    },
    "MultiTenantApi5XXErrorMetricFilter79EB0F2E": {
      "Properties": {
        "FilterPattern": "{ ($.status = 5**) && ($.userArn = "*") }",
        "LogGroupName": {
          "Ref": "RestApiLogsF6F215CD",
        },
        "MetricTransformations": [
          {
            "Dimensions": [
              {
                "Key": "client",
                "Value": "$.userArn",
              },
              {
                "Key": "method",
                "Value": "$.httpMethod",
              },
              {
                "Key": "path",
                "Value": "$.path",
              },
            ],
            "MetricName": "5XXError",
            "MetricNamespace": "MultiTenantApiMetricFilter",
            "MetricValue": "1",
            "Unit": "Count",
          },
        ],
      },
      "Type": "AWS::Logs::MetricFilter",
    },
    "MultiTenantApiClientorderserviceRole64EC7B85": {
      "Properties": {
        "AssumeRolePolicyDocument": {
          "Statement": [
            {
              "Action": "sts:AssumeRole",
              "Effect": "Allow",
              "Principal": {
                "AWS": {
                  "Fn::Join": [
                    "",
                    [
                      "arn:",
                      {
                        "Ref": "AWS::Partition",
                      },
                      ":iam::507426004734:root",
                    ],
                  ],
                },
              },
            },
          ],
          "Version": "2012-10-17",
        },
        "RoleName": "MultiTenantApiClient-order-service-role",
      },
      "Type": "AWS::IAM::Role",
    },
    "MultiTenantApiClientpaymentserviceRole8C9A53BF": {
      "Properties": {
        "AssumeRolePolicyDocument": {
          "Statement": [
            {
              "Action": "sts:AssumeRole",
              "Effect": "Allow",
              "Principal": {
                "AWS": {
                  "Fn::Join": [
                    "",
                    [
                      "arn:",
                      {
                        "Ref": "AWS::Partition",
                      },
                      ":iam::507426004734:root",
                    ],
                  ],
                },
              },
            },
          ],
          "Version": "2012-10-17",
        },
        "RoleName": "MultiTenantApiClient-payment-service-role",
      },
      "Type": "AWS::IAM::Role",
    },
    "MultiTenantApiCountMetricFilter05F4BE91": {
      "Properties": {
        "FilterPattern": "{ $.userArn = "*" }",
        "LogGroupName": {
          "Ref": "RestApiLogsF6F215CD",
        },
        "MetricTransformations": [
          {
            "Dimensions": [
              {
                "Key": "client",
                "Value": "$.userArn",
              },
              {
                "Key": "method",
                "Value": "$.httpMethod",
              },
              {
                "Key": "path",
                "Value": "$.path",
              },
            ],
            "MetricName": "Count",
            "MetricNamespace": "MultiTenantApiMetricFilter",
            "MetricValue": "1",
            "Unit": "Count",
          },
        ],
      },
      "Type": "AWS::Logs::MetricFilter",
    },
    "MultiTenantApiLatencyMetricFilter649EA399": {
      "Properties": {
        "FilterPattern": "{ $.userArn = "*" }",
        "LogGroupName": {
          "Ref": "RestApiLogsF6F215CD",
        },
        "MetricTransformations": [
          {
            "Dimensions": [
              {
                "Key": "client",
                "Value": "$.userArn",
              },
              {
                "Key": "method",
                "Value": "$.httpMethod",
              },
              {
                "Key": "path",
                "Value": "$.path",
              },
            ],
            "MetricName": "Latency",
            "MetricNamespace": "MultiTenantApiMetricFilter",
            "MetricValue": "$.responseLatency",
            "Unit": "Milliseconds",
          },
        ],
      },
      "Type": "AWS::Logs::MetricFilter",
    },
    "MultiTenantApiLogSubscriptionFilter3B9A4229": {
      "DependsOn": [
        "MultiTenantApiLogSubscriptionFilterCanInvokeLambdaFFC42DD4",
      ],
      "Properties": {
        "DestinationArn": {
          "Fn::GetAtt": [
            "logprocessorfunction886DCE96",
            "Arn",
          ],
        },
        "FilterPattern": "",
        "LogGroupName": {
          "Ref": "RestApiLogsF6F215CD",
        },
      },
      "Type": "AWS::Logs::SubscriptionFilter",
    },
    "MultiTenantApiLogSubscriptionFilterCanInvokeLambdaFFC42DD4": {
      "Properties": {
        "Action": "lambda:InvokeFunction",
        "FunctionName": {
          "Fn::GetAtt": [
            "logprocessorfunction886DCE96",
            "Arn",
          ],
        },
        "Principal": "logs.amazonaws.com",
        "SourceArn": {
          "Fn::GetAtt": [
            "RestApiLogsF6F215CD",
            "Arn",
          ],
        },
      },
      "Type": "AWS::Lambda::Permission",
    },
    "RestApi0C43BF4B": {
      "Properties": {
        "Name": "RestApi",
      },
      "Type": "AWS::ApiGateway::RestApi",
    },
    "RestApiAccount7C83CF5A": {
      "DeletionPolicy": "Retain",
      "DependsOn": [
        "RestApi0C43BF4B",
      ],
      "Properties": {
        "CloudWatchRoleArn": {
          "Fn::GetAtt": [
            "RestApiCloudWatchRoleE3ED6605",
            "Arn",
          ],
        },
      },
      "Type": "AWS::ApiGateway::Account",
      "UpdateReplacePolicy": "Retain",
    },
    "RestApiCloudWatchRoleE3ED6605": {
      "DeletionPolicy": "Retain",
      "Properties": {
        "AssumeRolePolicyDocument": {
          "Statement": [
            {
              "Action": "sts:AssumeRole",
              "Effect": "Allow",
              "Principal": {
                "Service": "apigateway.amazonaws.com",
              },
            },
          ],
          "Version": "2012-10-17",
        },
        "ManagedPolicyArns": [
          {
            "Fn::Join": [
              "",
              [
                "arn:",
                {
                  "Ref": "AWS::Partition",
                },
                ":iam::aws:policy/service-role/AmazonAPIGatewayPushToCloudWatchLogs",
              ],
            ],
          },
        ],
      },
      "Type": "AWS::IAM::Role",
      "UpdateReplacePolicy": "Retain",
    },
    "RestApiDeployment180EC503a85070d3ca5abe8e9ca3a5cddfb92276": {
      "DependsOn": [
        "RestApiitemsGET2AAECCB8",
        "RestApiitems0D5B6650",
      ],
      "Properties": {
        "Description": "Automatically created by the RestApi construct",
        "RestApiId": {
          "Ref": "RestApi0C43BF4B",
        },
      },
      "Type": "AWS::ApiGateway::Deployment",
    },
    "RestApiDeploymentStageprod3855DE66": {
      "DependsOn": [
        "RestApiAccount7C83CF5A",
      ],
      "Properties": {
        "AccessLogSetting": {
          "DestinationArn": {
            "Fn::GetAtt": [
              "RestApiLogsF6F215CD",
              "Arn",
            ],
          },
          "Format": "{"requestId":"$context.requestId","extendedRequestId":"$context.extendedRequestId","apiId":"$context.apiId","resourceId":"$context.resourceId","domainName":"$context.domainName","stage":"$context.stage","path":"$context.path","resourcePath":"$context.resourcePath","httpMethod":"$context.httpMethod","protocol":"$context.protocol","accountId":"$context.identity.accountId","sourceIp":"$context.identity.sourceIp","user":"$context.identity.user","userAgent":"$context.identity.userAgent","userArn":"$context.identity.userArn","caller":"$context.identity.caller","cognitoIdentityId":"$context.identity.cognitoIdentityId","status":"$context.status","integration":{"status":"$context.integration.status","integrationStatus":"$context.integration.integrationStatus","error":"$context.integration.error","latency":"$context.integration.latency"},"error":{"responseType":"$context.error.responseType","message":"$context.error.message"},"requestTime":"$context.requestTime","responseLength":"$context.responseLength","responseLatency":"$context.responseLatency"}",
        },
        "DeploymentId": {
          "Ref": "RestApiDeployment180EC503a85070d3ca5abe8e9ca3a5cddfb92276",
        },
        "RestApiId": {
          "Ref": "RestApi0C43BF4B",
        },
        "StageName": "prod",
      },
      "Type": "AWS::ApiGateway::Stage",
    },
    "RestApiLogsF6F215CD": {
      "DeletionPolicy": "Retain",
      "Properties": {
        "LogGroupName": "multi-tenant-api-access-logs",
        "RetentionInDays": 731,
      },
      "Type": "AWS::Logs::LogGroup",
      "UpdateReplacePolicy": "Retain",
    },
    "RestApiMultiTenantApiKeyorderservice0694BC0D": {
      "Properties": {
        "Enabled": true,
        "Name": "key-order-service",
        "StageKeys": [
          {
            "RestApiId": {
              "Ref": "RestApi0C43BF4B",
            },
            "StageName": {
              "Ref": "RestApiDeploymentStageprod3855DE66",
            },
          },
        ],
        "Value": "api-key-order-service",
      },
      "Type": "AWS::ApiGateway::ApiKey",
    },
    "RestApiMultiTenantApiKeypaymentservice4EF62FAC": {
      "Properties": {
        "Enabled": true,
        "Name": "key-payment-service",
        "StageKeys": [
          {
            "RestApiId": {
              "Ref": "RestApi0C43BF4B",
            },
            "StageName": {
              "Ref": "RestApiDeploymentStageprod3855DE66",
            },
          },
        ],
        "Value": "api-key-payment-service",
      },
      "Type": "AWS::ApiGateway::ApiKey",
    },
    "RestApiMultiTenantApiUsagePlanorderservice256787BD": {
      "Properties": {
        "ApiStages": [
          {
            "ApiId": {
              "Ref": "RestApi0C43BF4B",
            },
            "Stage": {
              "Ref": "RestApiDeploymentStageprod3855DE66",
            },
            "Throttle": {},
          },
        ],
        "Throttle": {
          "BurstLimit": 1,
          "RateLimit": 1,
        },
        "UsagePlanName": "order-service-plan",
      },
      "Type": "AWS::ApiGateway::UsagePlan",
    },
    "RestApiMultiTenantApiUsagePlanorderserviceUsagePlanKeyResourceMyTestStackRestApiMultiTenantApiKeyorderservice8C8FEC60CB12C1E3": {
      "Properties": {
        "KeyId": {
          "Ref": "RestApiMultiTenantApiKeyorderservice0694BC0D",
        },
        "KeyType": "API_KEY",
        "UsagePlanId": {
          "Ref": "RestApiMultiTenantApiUsagePlanorderservice256787BD",
        },
      },
      "Type": "AWS::ApiGateway::UsagePlanKey",
    },
    "RestApiMultiTenantApiUsagePlanpaymentservice361DB09C": {
      "Properties": {
        "ApiStages": [
          {
            "ApiId": {
              "Ref": "RestApi0C43BF4B",
            },
            "Stage": {
              "Ref": "RestApiDeploymentStageprod3855DE66",
            },
            "Throttle": {},
          },
        ],
        "Throttle": {
          "BurstLimit": 2,
          "RateLimit": 10,
        },
        "UsagePlanName": "payment-service-plan",
      },
      "Type": "AWS::ApiGateway::UsagePlan",
    },
    "RestApiMultiTenantApiUsagePlanpaymentserviceUsagePlanKeyResourceMyTestStackRestApiMultiTenantApiKeypaymentservice4201D28AB6198121": {
      "Properties": {
        "KeyId": {
          "Ref": "RestApiMultiTenantApiKeypaymentservice4EF62FAC",
        },
        "KeyType": "API_KEY",
        "UsagePlanId": {
          "Ref": "RestApiMultiTenantApiUsagePlanpaymentservice361DB09C",
        },
      },
      "Type": "AWS::ApiGateway::UsagePlanKey",
    },
    "RestApiitems0D5B6650": {
      "Properties": {
        "ParentId": {
          "Fn::GetAtt": [
            "RestApi0C43BF4B",
            "RootResourceId",
          ],
        },
        "PathPart": "items",
        "RestApiId": {
          "Ref": "RestApi0C43BF4B",
        },
      },
      "Type": "AWS::ApiGateway::Resource",
    },
    "RestApiitemsGET2AAECCB8": {
      "Properties": {
        "ApiKeyRequired": true,
        "AuthorizationType": "AWS_IAM",
        "HttpMethod": "GET",
        "Integration": {
          "IntegrationHttpMethod": "POST",
          "Type": "AWS_PROXY",
          "Uri": {
            "Fn::Join": [
              "",
              [
                "arn:",
                {
                  "Ref": "AWS::Partition",
                },
                ":apigateway:",
                {
                  "Ref": "AWS::Region",
                },
                ":lambda:path/2015-03-31/functions/",
                {
                  "Fn::GetAtt": [
                    "apifunction06E4C28F",
                    "Arn",
                  ],
                },
                "/invocations",
              ],
            ],
          },
        },
        "ResourceId": {
          "Ref": "RestApiitems0D5B6650",
        },
        "RestApiId": {
          "Ref": "RestApi0C43BF4B",
        },
      },
      "Type": "AWS::ApiGateway::Method",
    },
    "RestApiitemsGETApiPermissionMyTestStackRestApi13257D94GETitemsC33A05E9": {
      "Properties": {
        "Action": "lambda:InvokeFunction",
        "FunctionName": {
          "Fn::GetAtt": [
            "apifunction06E4C28F",
            "Arn",
          ],
        },
        "Principal": "apigateway.amazonaws.com",
        "SourceArn": {
          "Fn::Join": [
            "",
            [
              "arn:",
              {
                "Ref": "AWS::Partition",
              },
              ":execute-api:",
              {
                "Ref": "AWS::Region",
              },
              ":",
              {
                "Ref": "AWS::AccountId",
              },
              ":",
              {
                "Ref": "RestApi0C43BF4B",
              },
              "/",
              {
                "Ref": "RestApiDeploymentStageprod3855DE66",
              },
              "/GET/items",
            ],
          ],
        },
      },
      "Type": "AWS::Lambda::Permission",
    },
    "RestApiitemsGETApiPermissionTestMyTestStackRestApi13257D94GETitems92CE32FB": {
      "Properties": {
        "Action": "lambda:InvokeFunction",
        "FunctionName": {
          "Fn::GetAtt": [
            "apifunction06E4C28F",
            "Arn",
          ],
        },
        "Principal": "apigateway.amazonaws.com",
        "SourceArn": {
          "Fn::Join": [
            "",
            [
              "arn:",
              {
                "Ref": "AWS::Partition",
              },
              ":execute-api:",
              {
                "Ref": "AWS::Region",
              },
              ":",
              {
                "Ref": "AWS::AccountId",
              },
              ":",
              {
                "Ref": "RestApi0C43BF4B",
              },
              "/test-invoke-stage/GET/items",
            ],
          ],
        },
      },
      "Type": "AWS::Lambda::Permission",
    },
    "apifunction06E4C28F": {
      "DependsOn": [
        "apifunctionServiceRole18CE71BD",
      ],
      "Properties": {
        "Code": {
          "S3Bucket": {
            "Fn::Sub": "cdk-hnb659fds-assets-\${AWS::AccountId}-\${AWS::Region}",
          },
          "S3Key": "533127396ad7d09839fe358151855ee4303c5c7ea4a4cfea4dac0d8335def815.zip",
        },
        "Environment": {
          "Variables": {
            "AWS_NODEJS_CONNECTION_REUSE_ENABLED": "1",
          },
        },
        "FunctionName": "multi-tenant-api-function",
        "Handler": "index.handler",
        "Role": {
          "Fn::GetAtt": [
            "apifunctionServiceRole18CE71BD",
            "Arn",
          ],
        },
        "Runtime": {
          "Fn::FindInMap": [
            "DefaultCrNodeVersionMap",
            {
              "Ref": "AWS::Region",
            },
            "value",
          ],
        },
      },
      "Type": "AWS::Lambda::Function",
    },
    "apifunctionServiceRole18CE71BD": {
      "Properties": {
        "AssumeRolePolicyDocument": {
          "Statement": [
            {
              "Action": "sts:AssumeRole",
              "Effect": "Allow",
              "Principal": {
                "Service": "lambda.amazonaws.com",
              },
            },
          ],
          "Version": "2012-10-17",
        },
        "ManagedPolicyArns": [
          {
            "Fn::Join": [
              "",
              [
                "arn:",
                {
                  "Ref": "AWS::Partition",
                },
                ":iam::aws:policy/service-role/AWSLambdaBasicExecutionRole",
              ],
            ],
          },
        ],
      },
      "Type": "AWS::IAM::Role",
    },
    "logprocessorfunction886DCE96": {
      "DependsOn": [
        "logprocessorfunctionServiceRole68C22A68",
      ],
      "Properties": {
        "Code": {
          "S3Bucket": {
            "Fn::Sub": "cdk-hnb659fds-assets-\${AWS::AccountId}-\${AWS::Region}",
          },
          "S3Key": "022d62d47516d6254a5ac9abd56aafa3da30e5f5dbf44dd4588b8dfd47af06ed.zip",
        },
        "Environment": {
          "Variables": {
            "AWS_NODEJS_CONNECTION_REUSE_ENABLED": "1",
          },
        },
        "Handler": "index.handler",
        "Role": {
          "Fn::GetAtt": [
            "logprocessorfunctionServiceRole68C22A68",
            "Arn",
          ],
        },
        "Runtime": {
          "Fn::FindInMap": [
            "DefaultCrNodeVersionMap",
            {
              "Ref": "AWS::Region",
            },
            "value",
          ],
        },
      },
      "Type": "AWS::Lambda::Function",
    },
    "logprocessorfunctionServiceRole68C22A68": {
      "Properties": {
        "AssumeRolePolicyDocument": {
          "Statement": [
            {
              "Action": "sts:AssumeRole",
              "Effect": "Allow",
              "Principal": {
                "Service": "lambda.amazonaws.com",
              },
            },
          ],
          "Version": "2012-10-17",
        },
        "ManagedPolicyArns": [
          {
            "Fn::Join": [
              "",
              [
                "arn:",
                {
                  "Ref": "AWS::Partition",
                },
                ":iam::aws:policy/service-role/AWSLambdaBasicExecutionRole",
              ],
            ],
          },
        ],
      },
      "Type": "AWS::IAM::Role",
    },
  },
  "Rules": {
    "CheckBootstrapVersion": {
      "Assertions": [
        {
          "Assert": {
            "Fn::Not": [
              {
                "Fn::Contains": [
                  [
                    "1",
                    "2",
                    "3",
                    "4",
                    "5",
                  ],
                  {
                    "Ref": "BootstrapVersion",
                  },
                ],
              },
            ],
          },
          "AssertDescription": "CDK bootstrap stack version 6 required. Please run 'cdk bootstrap' with a recent version of the CDK CLI.",
        },
      ],
    },
  },
}
`;
